GIT
===
Created Sunday 27 April 2014



#Installation 
yum install git-core


[babu@rbnetops gitroot]$ git log
fatal: bad default revision 'HEAD'



git log --follow mydata
git checkout HEAD -- data
git ls-files --stage
git rm --cached oops	
git cat-file -p 3dcbdf29c7ec0ffba5ba36bf4ac18540a5ab19af
git log -1 --pretty=oneline HEAD
git log --pretty=short
git show HEAD~2

http://thelucid.com/2008/12/02/git-setting-up-a-remote-repository-and-doing-an-initial-push/
 
$ cd my_package
$ cat .gitignore
*.o
$ cd my_package/vendor_files
$ cat .gitignore
!driver.o



# Setup a bare git server..
http://git-scm.com/book/en/Git-on-the-Server-Setting-Up-the-Server


$ cd /opt/git
$ mkdir project.git
$ cd project.git
$ git --bare init



# Setup a user...

[root@rbnetops ~]# useradd cheeni
[root@rbnetops ~]# su - cheeni
[cheeni@rbnetops ~]$ ssh-keygen -t dsa
Generating public/private dsa key pair.
Enter file in which to save the key (/home/cheeni/.ssh/id_dsa):
Created directory '/home/cheeni/.ssh'.
Enter passphrase (empty for no passphrase):
Enter same passphrase again:
Your identification has been saved in /home/cheeni/.ssh/id_dsa.
Your public key has been saved in /home/cheeni/.ssh/id_dsa.pub.
The key fingerprint is:
d2:48:57:d7:9d:86:8a:c5:04:ef:52:04:a9:52:da:80 cheeni@rbnetops.intercloudzone.com
The key's randomart image is:
+--[ DSA 1024]----+
|    .    oBo.....|
|   E . . oo+ ..o.|
|      * o oo. .  |
|     + * .o.     |
|      + S. .     |
|       .  .      |
|                 |
|                 |
|                 |
+-----------------+
[cheeni@rbnetops ~]$ chmod 700 ~/.ssh/
[cheeni@rbnetops ~]$ cat ~/.ssh/id_dsa.pub
ssh-dss AAAAB3NzaC1kc3MAAACBAMNx9/1YD0xw5iwQwvCl8KyJ+ET3kB75PnuWnbECoZk5I8koFTN0hT7YkGWqo5zs4VBF49Zsg+mJitkV5T4UQMBXYapidj+NUbnOs2qJGjepfCxvXxQffYWZY38sZungN5yXeYuJJCNJxebCKYrmKcHzNsoEuRb0lP2hhMZYNqibAAAAFQDGdfCBBTgMb5X5GsRpffXf5MbI6wAAAIAbxUDBc+Q5YI7fovniULKAdYWcc34MBQZoLReVSvD66yJ4IZRBwZmZou9zVCBfTtdpyYEcyAKyNlWpHtJOCeQEMxCfZAU90mALwH02cjlX1qK3HEWFFEG6YbKmpWXEPftoBDlYgYWC/mQZ8N+wuMg8PaoCO4PP8zKLPKoXGA47kwAAAIAPoM2BehT26/DoYsJcutmiSgy0uqHnxz/R5ItTcu0ekwu3+hzsrsawUoqRd3f4yXaqcNQbBdu6zjxvV6+lHxKWSH1OBtOcSZDidLgU6E4g8gEKl7VE0YML3n8J6+xSPWyUMmr3TCboDM2DWZTSZYTU588pnAbfJibBXKOfHnJXuQ== cheeni@rbnetops.intercloudzone.com
[cheeni@rbnetops ~]$ ssh git@rbnetops.intercloudzone.com
The authenticity of host 'rbnetops.intercloudzone.com (192.168.56.151)' can't be established.
RSA key fingerprint is 81:ea:75:8d:7f:bd:e6:6b:1d:f0:61:1a:50:8e:04:f7.
Are you sure you want to continue connecting (yes/no)? yes
Warning: Permanently added 'rbnetops.intercloudzone.com,192.168.56.151' (RSA) to the list of known hosts.
Last login: Mon Jun  2 16:20:10 2014 from rbnetops
[git@rbnetops ~]$ exit
logout
Connection to rbnetops.intercloudzone.com closed.
[cheeni@rbnetops ~]$ ssh git@rbnetops.intercloudzone.com
Last login: Mon Jun  2 21:50:14 2014 from rbnetops



[kuttu@rbnetops demo]$ touch afile
[kuttu@rbnetops demo]$ git add afile
[kuttu@rbnetops demo]$ git commit -am "First demo commit"
[master (root-commit) 840c666] First demo commit
 0 files changed, 0 insertions(+), 0 deletions(-)
 create mode 100644 afile
[kuttu@rbnetops demo]$ git config --global user.name "Kuttu"
[kuttu@rbnetops demo]$ git config --global user.e-mail "kuttu@intercloudzone.com"
[kuttu@rbnetops demo]$ git remote add origin git@rbnetops.intercloudzone.com:/home/git/gitbase/demo.git      [kuttu@rbnetops demo]$ git push origin master
To git@rbnetops.intercloudzone.com:/home/git/gitbase/demo.git
 ! [rejected]        master -> master (non-fast-forward)
error: failed to push some refs to 'git@rbnetops.intercloudzone.com:/home/git/gitbase/demo.git'
To prevent you from losing history, non-fast-forward updates were rejected
Merge the remote changes before pushing again.  See the 'Note about
fast-forwards' section of 'git push --help' for details.
[kuttu@rbnetops demo]$ git fetch origin
warning: no common commits
remote: Counting objects: 3, done.
remote: Total 3 (delta 0), reused 0 (delta 0)
Unpacking objects: 100% (3/3), done.
From rbnetops.intercloudzone.com:/home/git/gitbase/demo
* [new branch]      master     -> origin/master

 
[kuttu@rbnetops demo]$ git merge origin master
fatal: 'origin' does not point to a commit

[kuttu@rbnetops demo]$ git merge master
Already up-to-date.
[kuttu@rbnetops demo]$ git push origin master
To git@rbnetops.intercloudzone.com:/home/git/gitbase/demo.git
 ! [rejected]        master -> master (non-fast-forward)
error: failed to push some refs to 'git@rbnetops.intercloudzone.com:/home/git/gitbase/demo.git'
To prevent you from losing history, non-fast-forward updates were rejected
Merge the remote changes before pushing again.  See the 'Note about
fast-forwards' section of 'git push --help' for details.
[kuttu@rbnetops demo]$ git merget origin master^C

[kuttu@rbnetops demo]$ git pull
You asked me to pull without telling me which branch you
want to merge with, and 'branch.master.merge' in
your configuration file does not tell me, either. Please
specify which branch you want to use on the command line and
try again (e.g. 'git pull <repository> <refspec>').
See git-pull(1) for details.

If you often merge with the same branch, you may want to
use something like the following in your configuration file:

    [branch "master"]
    remote = <nickname>
    merge = <remote-ref>

    [remote "<nickname>"]
    url = <url>
    fetch = <refspec>

See git-config(1) for details.
[kuttu@rbnetops demo]$ git pull origin master
From rbnetops.intercloudzone.com:/home/git/gitbase/demo
* branch            master     -> FETCH_HEAD
Merge made by recursive.


[kuttu@rbnetops demo]$ git push
Counting objects: 2, done.
Compressing objects: 100% (2/2), done.
Writing objects: 100% (2/2), 305 bytes, done.
Total 2 (delta 1), reused 0 (delta 0)
To git@rbnetops.intercloudzone.com:/home/git/gitbase/demo.git
   f717856..d1165f8  master -> master

kuttu@rbnetops demo [master] $ cat .git/config
[core]
        repositoryformatversion = 0
        filemode = true
        bare = false
        logallrefupdates = true
[remote "origin"]
        url = git@rbnetops.intercloudzone.com:/home/git/gitbase/demo.git
        fetch = +refs/heads/*:refs/remotes/origin/*




